2026-03-16 09:34:44 - thingsboard-forecast - INFO - ============================================================
2026-03-16 09:34:44 - thingsboard-forecast - INFO - Starting thingsboard-power-forecast-api v1.0.0
2026-03-16 09:34:44 - thingsboard-forecast - INFO - ============================================================
2026-03-16 09:34:44 - thingsboard-forecast - INFO - Configuration validated successfully
2026-03-16 09:34:44 - thingsboard-forecast - INFO - ThingsBoard Host: https://windforce.thingsnode.cc
2026-03-16 09:34:44 - thingsboard-forecast - INFO - Default Target Level: 4
2026-03-16 09:34:44 - thingsboard-forecast - INFO - Timezone: Asia/Colombo
2026-03-16 09:34:44 - thingsboard-forecast - INFO - API is ready to accept requests
2026-03-16 09:34:44 - thingsboard-forecast - INFO - ============================================================
2026-03-16 09:35:08 - thingsboard-forecast - INFO - Received forecast request for asset: 78fda490-e08b-11f0-b68f-8f33a9d74e0c | already_have=True
2026-03-16 09:35:09 - thingsboard-forecast - INFO - Authenticating with ThingsBoard...
2026-03-16 09:35:10 - thingsboard-forecast - INFO - Successfully authenticated with ThingsBoard
2026-03-16 09:35:10 - thingsboard-forecast - INFO - Created job 6336dfeb-e1d0-4f55-9838-e19eb3b93345 for asset 78fda490-e08b-11f0-b68f-8f33a9d74e0c
2026-03-16 09:35:10 - thingsboard-forecast - INFO - Forecast job 6336dfeb-e1d0-4f55-9838-e19eb3b93345 started in background
2026-03-16 09:35:10 - thingsboard-forecast - INFO - Starting forecast job 6336dfeb-e1d0-4f55-9838-e19eb3b93345 for main asset 78fda490-e08b-11f0-b68f-8f33a9d74e0c | already_have=True | start=2026-03-15T00:00:00+05:30 end=2026-03-15T23:59:59+05:30
2026-03-16 09:35:10 - thingsboard-forecast - INFO - Job 6336dfeb-e1d0-4f55-9838-e19eb3b93345 status updated to running
2026-03-16 09:35:10 - thingsboard-forecast - INFO - Retrieving hierarchy from 78fda490-e08b-11f0-b68f-8f33a9d74e0c
2026-03-16 09:35:10 - thingsboard-forecast - INFO - Building hierarchy from root 78fda490-e08b-11f0-b68f-8f33a9d74e0c up to depth 4
2026-03-16 09:35:10 - thingsboard-forecast - INFO - Authenticating with ThingsBoard...
2026-03-16 09:35:11 - thingsboard-forecast - INFO - Successfully authenticated with ThingsBoard
2026-03-16 09:35:11 - thingsboard-forecast - INFO - Hierarchy level 2: found 7 assets
2026-03-16 09:35:13 - thingsboard-forecast - INFO - Hierarchy level 3: found 12 assets
2026-03-16 09:35:15 - thingsboard-forecast - INFO - Hierarchy level 4: found 8 assets
2026-03-16 09:35:15 - thingsboard-forecast - INFO - Hierarchy ready with 4 levels. Processing 8 assets at deepest level
2026-03-16 09:35:15 - thingsboard-forecast - INFO - Processing deepest asset 1/8: 973a7ea0-f06d-11f0-af3b-45cf7f181cac
2026-03-16 09:35:15 - thingsboard-forecast - INFO - Processing asset 973a7ea0-f06d-11f0-af3b-45cf7f181cac
2026-03-16 09:35:15 - thingsboard-forecast - INFO - Retrieved 24 attributes for 973a7ea0-f06d-11f0-af3b-45cf7f181cac
2026-03-16 09:35:16 - thingsboard-forecast - WARNING - No telemetry data in range for asset 973a7ea0-f06d-11f0-af3b-45cf7f181cac
2026-03-16 09:35:16 - thingsboard-forecast - WARNING - Asset 973a7ea0-f06d-11f0-af3b-45cf7f181cac lacks historical data in requested range; continuing with forecast-only generation
2026-03-16 09:35:16 - thingsboard-forecast - INFO - Running power prediction for 973a7ea0-f06d-11f0-af3b-45cf7f181cac
2026-03-16 09:35:18 - thingsboard-forecast - INFO - Prediction completed for 973a7ea0-f06d-11f0-af3b-45cf7f181cac: 361.24 kWh total
2026-03-16 09:35:18 - thingsboard-forecast - INFO - Writing telemetry for 973a7ea0-f06d-11f0-af3b-45cf7f181cac
2026-03-16 09:35:18 - thingsboard-forecast - INFO - Writing 288 telemetry records to 973a7ea0-f06d-11f0-af3b-45cf7f181cac in a single API call
2026-03-16 09:35:18 - thingsboard-forecast - INFO - Successfully wrote 288 records to 973a7ea0-f06d-11f0-af3b-45cf7f181cac
2026-03-16 09:35:18 - thingsboard-forecast - INFO - Successfully wrote 288 telemetry records for 973a7ea0-f06d-11f0-af3b-45cf7f181cac
2026-03-16 09:35:18 - thingsboard-forecast - INFO - Writing 1 telemetry records to 973a7ea0-f06d-11f0-af3b-45cf7f181cac in a single API call
2026-03-16 09:35:18 - thingsboard-forecast - INFO - Successfully wrote 1 records to 973a7ea0-f06d-11f0-af3b-45cf7f181cac
2026-03-16 09:35:18 - thingsboard-forecast - INFO - Successfully wrote 1 daily energy records for 973a7ea0-f06d-11f0-af3b-45cf7f181cac
2026-03-16 09:35:18 - thingsboard-forecast - INFO - Processing deepest asset 2/8: 10425f40-08a4-11f1-8bdd-cfe25c37864b
2026-03-16 09:35:18 - thingsboard-forecast - INFO - Processing asset 10425f40-08a4-11f1-8bdd-cfe25c37864b
2026-03-16 09:35:18 - thingsboard-forecast - INFO - Retrieved 24 attributes for 10425f40-08a4-11f1-8bdd-cfe25c37864b
2026-03-16 09:35:19 - thingsboard-forecast - INFO - Running power prediction for 10425f40-08a4-11f1-8bdd-cfe25c37864b
2026-03-16 09:35:19 - thingsboard-forecast - ERROR - Power prediction failed for 10425f40-08a4-11f1-8bdd-cfe25c37864b: int() argument must be a string, a bytes-like object or a real number, not 'NoneType'
2026-03-16 09:35:19 - thingsboard-forecast - WARNING - Job 6336dfeb-e1d0-4f55-9838-e19eb3b93345 - Asset 10425f40-08a4-11f1-8bdd-cfe25c37864b error: forecast_calculation_error: int() argument must be a string, a bytes-like object or a real number, not 'NoneType'
2026-03-16 09:35:19 - thingsboard-forecast - INFO - Processing deepest asset 3/8: 87657cb0-08a4-11f1-8bdd-cfe25c37864b
2026-03-16 09:35:19 - thingsboard-forecast - INFO - Processing asset 87657cb0-08a4-11f1-8bdd-cfe25c37864b
2026-03-16 09:35:19 - thingsboard-forecast - INFO - Retrieved 24 attributes for 87657cb0-08a4-11f1-8bdd-cfe25c37864b
2026-03-16 09:35:19 - thingsboard-forecast - INFO - Running power prediction for 87657cb0-08a4-11f1-8bdd-cfe25c37864b
2026-03-16 09:35:21 - thingsboard-forecast - INFO - Prediction completed for 87657cb0-08a4-11f1-8bdd-cfe25c37864b: 1959.71 kWh total
2026-03-16 09:35:21 - thingsboard-forecast - INFO - Writing telemetry for 87657cb0-08a4-11f1-8bdd-cfe25c37864b
2026-03-16 09:35:21 - thingsboard-forecast - INFO - Writing 288 telemetry records to 87657cb0-08a4-11f1-8bdd-cfe25c37864b in a single API call
2026-03-16 09:35:21 - thingsboard-forecast - INFO - Successfully wrote 288 records to 87657cb0-08a4-11f1-8bdd-cfe25c37864b
2026-03-16 09:35:21 - thingsboard-forecast - INFO - Successfully wrote 288 telemetry records for 87657cb0-08a4-11f1-8bdd-cfe25c37864b
2026-03-16 09:35:21 - thingsboard-forecast - INFO - Writing 1 telemetry records to 87657cb0-08a4-11f1-8bdd-cfe25c37864b in a single API call
2026-03-16 09:35:21 - thingsboard-forecast - INFO - Successfully wrote 1 records to 87657cb0-08a4-11f1-8bdd-cfe25c37864b
2026-03-16 09:35:21 - thingsboard-forecast - INFO - Successfully wrote 1 daily energy records for 87657cb0-08a4-11f1-8bdd-cfe25c37864b
2026-03-16 09:35:21 - thingsboard-forecast - INFO - Processing deepest asset 4/8: 35fa65d0-08a3-11f1-8bdd-cfe25c37864b
2026-03-16 09:35:21 - thingsboard-forecast - INFO - Processing asset 35fa65d0-08a3-11f1-8bdd-cfe25c37864b
2026-03-16 09:35:22 - thingsboard-forecast - INFO - Retrieved 24 attributes for 35fa65d0-08a3-11f1-8bdd-cfe25c37864b
2026-03-16 09:35:22 - thingsboard-forecast - INFO - Running power prediction for 35fa65d0-08a3-11f1-8bdd-cfe25c37864b
2026-03-16 09:35:23 - thingsboard-forecast - INFO - Prediction completed for 35fa65d0-08a3-11f1-8bdd-cfe25c37864b: 1132.82 kWh total
2026-03-16 09:35:23 - thingsboard-forecast - INFO - Writing telemetry for 35fa65d0-08a3-11f1-8bdd-cfe25c37864b
2026-03-16 09:35:23 - thingsboard-forecast - INFO - Writing 288 telemetry records to 35fa65d0-08a3-11f1-8bdd-cfe25c37864b in a single API call
2026-03-16 09:35:24 - thingsboard-forecast - INFO - Successfully wrote 288 records to 35fa65d0-08a3-11f1-8bdd-cfe25c37864b
2026-03-16 09:35:24 - thingsboard-forecast - INFO - Successfully wrote 288 telemetry records for 35fa65d0-08a3-11f1-8bdd-cfe25c37864b
2026-03-16 09:35:24 - thingsboard-forecast - INFO - Writing 1 telemetry records to 35fa65d0-08a3-11f1-8bdd-cfe25c37864b in a single API call
2026-03-16 09:35:24 - thingsboard-forecast - INFO - Successfully wrote 1 records to 35fa65d0-08a3-11f1-8bdd-cfe25c37864b
2026-03-16 09:35:24 - thingsboard-forecast - INFO - Successfully wrote 1 daily energy records for 35fa65d0-08a3-11f1-8bdd-cfe25c37864b
2026-03-16 09:35:24 - thingsboard-forecast - INFO - Processing deepest asset 5/8: c85151a0-08a3-11f1-8bdd-cfe25c37864b
2026-03-16 09:35:24 - thingsboard-forecast - INFO - Processing asset c85151a0-08a3-11f1-8bdd-cfe25c37864b
2026-03-16 09:35:24 - thingsboard-forecast - INFO - Retrieved 24 attributes for c85151a0-08a3-11f1-8bdd-cfe25c37864b
2026-03-16 09:35:25 - thingsboard-forecast - INFO - Running power prediction for c85151a0-08a3-11f1-8bdd-cfe25c37864b
2026-03-16 09:35:26 - thingsboard-forecast - INFO - Prediction completed for c85151a0-08a3-11f1-8bdd-cfe25c37864b: 1386.39 kWh total
2026-03-16 09:35:26 - thingsboard-forecast - INFO - Writing telemetry for c85151a0-08a3-11f1-8bdd-cfe25c37864b
2026-03-16 09:35:26 - thingsboard-forecast - INFO - Writing 288 telemetry records to c85151a0-08a3-11f1-8bdd-cfe25c37864b in a single API call
2026-03-16 09:35:27 - thingsboard-forecast - INFO - Successfully wrote 288 records to c85151a0-08a3-11f1-8bdd-cfe25c37864b
2026-03-16 09:35:27 - thingsboard-forecast - INFO - Successfully wrote 288 telemetry records for c85151a0-08a3-11f1-8bdd-cfe25c37864b
2026-03-16 09:35:27 - thingsboard-forecast - INFO - Writing 1 telemetry records to c85151a0-08a3-11f1-8bdd-cfe25c37864b in a single API call
2026-03-16 09:35:27 - thingsboard-forecast - INFO - Successfully wrote 1 records to c85151a0-08a3-11f1-8bdd-cfe25c37864b
2026-03-16 09:35:27 - thingsboard-forecast - INFO - Successfully wrote 1 daily energy records for c85151a0-08a3-11f1-8bdd-cfe25c37864b
2026-03-16 09:35:27 - thingsboard-forecast - INFO - Processing deepest asset 6/8: 8ea89070-089f-11f1-8bdd-cfe25c37864b
2026-03-16 09:35:27 - thingsboard-forecast - INFO - Processing asset 8ea89070-089f-11f1-8bdd-cfe25c37864b
2026-03-16 09:35:27 - thingsboard-forecast - INFO - Retrieved 24 attributes for 8ea89070-089f-11f1-8bdd-cfe25c37864b
2026-03-16 09:35:27 - thingsboard-forecast - INFO - Running power prediction for 8ea89070-089f-11f1-8bdd-cfe25c37864b
2026-03-16 09:35:29 - thingsboard-forecast - INFO - Prediction completed for 8ea89070-089f-11f1-8bdd-cfe25c37864b: 932.65 kWh total
2026-03-16 09:35:29 - thingsboard-forecast - INFO - Writing telemetry for 8ea89070-089f-11f1-8bdd-cfe25c37864b
2026-03-16 09:35:29 - thingsboard-forecast - INFO - Writing 288 telemetry records to 8ea89070-089f-11f1-8bdd-cfe25c37864b in a single API call
2026-03-16 09:35:30 - thingsboard-forecast - INFO - Successfully wrote 288 records to 8ea89070-089f-11f1-8bdd-cfe25c37864b
2026-03-16 09:35:30 - thingsboard-forecast - INFO - Successfully wrote 288 telemetry records for 8ea89070-089f-11f1-8bdd-cfe25c37864b
2026-03-16 09:35:30 - thingsboard-forecast - INFO - Writing 1 telemetry records to 8ea89070-089f-11f1-8bdd-cfe25c37864b in a single API call
2026-03-16 09:35:30 - thingsboard-forecast - INFO - Successfully wrote 1 records to 8ea89070-089f-11f1-8bdd-cfe25c37864b
2026-03-16 09:35:30 - thingsboard-forecast - INFO - Successfully wrote 1 daily energy records for 8ea89070-089f-11f1-8bdd-cfe25c37864b
2026-03-16 09:35:30 - thingsboard-forecast - INFO - Processing deepest asset 7/8: 50ed6b00-16e3-11f1-8d01-cff7a27c53e8
2026-03-16 09:35:30 - thingsboard-forecast - INFO - Processing asset 50ed6b00-16e3-11f1-8d01-cff7a27c53e8
2026-03-16 09:35:30 - thingsboard-forecast - INFO - Retrieved 21 attributes for 50ed6b00-16e3-11f1-8d01-cff7a27c53e8
2026-03-16 09:35:31 - thingsboard-forecast - INFO - Running power prediction for 50ed6b00-16e3-11f1-8d01-cff7a27c53e8
2026-03-16 09:35:32 - thingsboard-forecast - INFO - Prediction completed for 50ed6b00-16e3-11f1-8d01-cff7a27c53e8: 727.31 kWh total
2026-03-16 09:35:32 - thingsboard-forecast - INFO - Writing telemetry for 50ed6b00-16e3-11f1-8d01-cff7a27c53e8
2026-03-16 09:35:32 - thingsboard-forecast - INFO - Writing 288 telemetry records to 50ed6b00-16e3-11f1-8d01-cff7a27c53e8 in a single API call
2026-03-16 09:35:32 - thingsboard-forecast - INFO - Successfully wrote 288 records to 50ed6b00-16e3-11f1-8d01-cff7a27c53e8
2026-03-16 09:35:32 - thingsboard-forecast - INFO - Successfully wrote 288 telemetry records for 50ed6b00-16e3-11f1-8d01-cff7a27c53e8
2026-03-16 09:35:32 - thingsboard-forecast - INFO - Writing 1 telemetry records to 50ed6b00-16e3-11f1-8d01-cff7a27c53e8 in a single API call
2026-03-16 09:35:33 - thingsboard-forecast - INFO - Successfully wrote 1 records to 50ed6b00-16e3-11f1-8d01-cff7a27c53e8
2026-03-16 09:35:33 - thingsboard-forecast - INFO - Successfully wrote 1 daily energy records for 50ed6b00-16e3-11f1-8d01-cff7a27c53e8
2026-03-16 09:35:33 - thingsboard-forecast - INFO - Processing deepest asset 8/8: 0c982af0-07ff-11f1-8bdd-cfe25c37864b
2026-03-16 09:35:33 - thingsboard-forecast - INFO - Processing asset 0c982af0-07ff-11f1-8bdd-cfe25c37864b
2026-03-16 09:35:33 - thingsboard-forecast - INFO - Retrieved 24 attributes for 0c982af0-07ff-11f1-8bdd-cfe25c37864b
2026-03-16 09:35:33 - thingsboard-forecast - INFO - Running power prediction for 0c982af0-07ff-11f1-8bdd-cfe25c37864b
2026-03-16 09:35:35 - thingsboard-forecast - INFO - Prediction completed for 0c982af0-07ff-11f1-8bdd-cfe25c37864b: 884.65 kWh total
2026-03-16 09:35:35 - thingsboard-forecast - INFO - Writing telemetry for 0c982af0-07ff-11f1-8bdd-cfe25c37864b
2026-03-16 09:35:35 - thingsboard-forecast - INFO - Writing 288 telemetry records to 0c982af0-07ff-11f1-8bdd-cfe25c37864b in a single API call
2026-03-16 09:35:35 - thingsboard-forecast - INFO - Successfully wrote 288 records to 0c982af0-07ff-11f1-8bdd-cfe25c37864b
2026-03-16 09:35:35 - thingsboard-forecast - INFO - Successfully wrote 288 telemetry records for 0c982af0-07ff-11f1-8bdd-cfe25c37864b
2026-03-16 09:35:35 - thingsboard-forecast - INFO - Writing 1 telemetry records to 0c982af0-07ff-11f1-8bdd-cfe25c37864b in a single API call
2026-03-16 09:35:35 - thingsboard-forecast - INFO - Successfully wrote 1 records to 0c982af0-07ff-11f1-8bdd-cfe25c37864b
2026-03-16 09:35:35 - thingsboard-forecast - INFO - Successfully wrote 1 daily energy records for 0c982af0-07ff-11f1-8bdd-cfe25c37864b
2026-03-16 09:35:35 - thingsboard-forecast - INFO - Level 4 total forecast: 4025.85 kWh across 7 assets
2026-03-16 09:35:35 - thingsboard-forecast - INFO - Level 4 total daily forecast: 4025.85 kWh across 7 assets
2026-03-16 09:35:35 - thingsboard-forecast - INFO - Rolled up 288 records for parent f1b84100-e564-11f0-b68f-8f33a9d74e0c from 1 children | total=225.15 kWh (interval telemetry write skipped for roll-up)
2026-03-16 09:35:35 - thingsboard-forecast - INFO - Writing 1 telemetry records to f1b84100-e564-11f0-b68f-8f33a9d74e0c in a single API call
2026-03-16 09:35:35 - thingsboard-forecast - INFO - Successfully wrote 1 records to f1b84100-e564-11f0-b68f-8f33a9d74e0c
2026-03-16 09:35:35 - thingsboard-forecast - INFO - Rolled up and wrote 1 daily records for parent f1b84100-e564-11f0-b68f-8f33a9d74e0c from 1 children | total=225.15 kWh
2026-03-16 09:35:35 - thingsboard-forecast - WARNING - No child telemetry available to roll up for parent 6bbf4050-e08a-11f0-b68f-8f33a9d74e0c
2026-03-16 09:35:35 - thingsboard-forecast - WARNING - No child daily telemetry available to roll up for parent 6bbf4050-e08a-11f0-b68f-8f33a9d74e0c
2026-03-16 09:35:35 - thingsboard-forecast - WARNING - No child telemetry available to roll up for parent c5437c70-e564-11f0-b68f-8f33a9d74e0c
2026-03-16 09:35:35 - thingsboard-forecast - WARNING - No child daily telemetry available to roll up for parent c5437c70-e564-11f0-b68f-8f33a9d74e0c
2026-03-16 09:35:35 - thingsboard-forecast - INFO - Rolled up 288 records for parent baa26d70-e565-11f0-b68f-8f33a9d74e0c from 1 children | total=1117.61 kWh (interval telemetry write skipped for roll-up)
2026-03-16 09:35:35 - thingsboard-forecast - INFO - Writing 1 telemetry records to baa26d70-e565-11f0-b68f-8f33a9d74e0c in a single API call
2026-03-16 09:35:36 - thingsboard-forecast - INFO - Successfully wrote 1 records to baa26d70-e565-11f0-b68f-8f33a9d74e0c
2026-03-16 09:35:36 - thingsboard-forecast - INFO - Rolled up and wrote 1 daily records for parent baa26d70-e565-11f0-b68f-8f33a9d74e0c from 1 children | total=1117.61 kWh
2026-03-16 09:35:36 - thingsboard-forecast - WARNING - No child telemetry available to roll up for parent e548daa0-e565-11f0-b68f-8f33a9d74e0c
2026-03-16 09:35:36 - thingsboard-forecast - WARNING - No child daily telemetry available to roll up for parent e548daa0-e565-11f0-b68f-8f33a9d74e0c
2026-03-16 09:35:36 - thingsboard-forecast - WARNING - No child telemetry available to roll up for parent d42a87a0-e565-11f0-b68f-8f33a9d74e0c
2026-03-16 09:35:36 - thingsboard-forecast - WARNING - No child daily telemetry available to roll up for parent d42a87a0-e565-11f0-b68f-8f33a9d74e0c
2026-03-16 09:35:36 - thingsboard-forecast - INFO - Rolled up 288 records for parent 585b86f0-08a7-11f1-8bdd-cfe25c37864b from 1 children | total=561.46 kWh (interval telemetry write skipped for roll-up)
2026-03-16 09:35:36 - thingsboard-forecast - INFO - Writing 1 telemetry records to 585b86f0-08a7-11f1-8bdd-cfe25c37864b in a single API call
2026-03-16 09:35:36 - thingsboard-forecast - INFO - Successfully wrote 1 records to 585b86f0-08a7-11f1-8bdd-cfe25c37864b
2026-03-16 09:35:36 - thingsboard-forecast - INFO - Rolled up and wrote 1 daily records for parent 585b86f0-08a7-11f1-8bdd-cfe25c37864b from 1 children | total=561.46 kWh
2026-03-16 09:35:36 - thingsboard-forecast - INFO - Rolled up 288 records for parent 064d18f0-e56c-11f0-b68f-8f33a9d74e0c from 1 children | total=750.25 kWh (interval telemetry write skipped for roll-up)
2026-03-16 09:35:36 - thingsboard-forecast - INFO - Writing 1 telemetry records to 064d18f0-e56c-11f0-b68f-8f33a9d74e0c in a single API call
2026-03-16 09:35:36 - thingsboard-forecast - INFO - Successfully wrote 1 records to 064d18f0-e56c-11f0-b68f-8f33a9d74e0c
2026-03-16 09:35:36 - thingsboard-forecast - INFO - Rolled up and wrote 1 daily records for parent 064d18f0-e56c-11f0-b68f-8f33a9d74e0c from 1 children | total=750.25 kWh
2026-03-16 09:35:36 - thingsboard-forecast - WARNING - No child telemetry available to roll up for parent 33420a00-e56c-11f0-b68f-8f33a9d74e0c
2026-03-16 09:35:36 - thingsboard-forecast - WARNING - No child daily telemetry available to roll up for parent 33420a00-e56c-11f0-b68f-8f33a9d74e0c
2026-03-16 09:35:36 - thingsboard-forecast - INFO - Rolled up 288 records for parent 011fb860-08a8-11f1-8bdd-cfe25c37864b from 1 children | total=472.21 kWh (interval telemetry write skipped for roll-up)
2026-03-16 09:35:36 - thingsboard-forecast - INFO - Writing 1 telemetry records to 011fb860-08a8-11f1-8bdd-cfe25c37864b in a single API call
2026-03-16 09:35:36 - thingsboard-forecast - INFO - Successfully wrote 1 records to 011fb860-08a8-11f1-8bdd-cfe25c37864b
2026-03-16 09:35:36 - thingsboard-forecast - INFO - Rolled up and wrote 1 daily records for parent 011fb860-08a8-11f1-8bdd-cfe25c37864b from 1 children | total=472.21 kWh
2026-03-16 09:35:36 - thingsboard-forecast - INFO - Rolled up 288 records for parent 209da440-16e5-11f1-8d01-cff7a27c53e8 from 1 children | total=358.53 kWh (interval telemetry write skipped for roll-up)
2026-03-16 09:35:36 - thingsboard-forecast - INFO - Writing 1 telemetry records to 209da440-16e5-11f1-8d01-cff7a27c53e8 in a single API call
2026-03-16 09:35:36 - thingsboard-forecast - INFO - Successfully wrote 1 records to 209da440-16e5-11f1-8d01-cff7a27c53e8
2026-03-16 09:35:36 - thingsboard-forecast - INFO - Rolled up and wrote 1 daily records for parent 209da440-16e5-11f1-8d01-cff7a27c53e8 from 1 children | total=358.53 kWh
2026-03-16 09:35:36 - thingsboard-forecast - INFO - Rolled up 288 records for parent 891165b0-08a9-11f1-8bdd-cfe25c37864b from 1 children | total=540.64 kWh (interval telemetry write skipped for roll-up)
2026-03-16 09:35:36 - thingsboard-forecast - INFO - Writing 1 telemetry records to 891165b0-08a9-11f1-8bdd-cfe25c37864b in a single API call
2026-03-16 09:35:37 - thingsboard-forecast - INFO - Successfully wrote 1 records to 891165b0-08a9-11f1-8bdd-cfe25c37864b
2026-03-16 09:35:37 - thingsboard-forecast - INFO - Rolled up and wrote 1 daily records for parent 891165b0-08a9-11f1-8bdd-cfe25c37864b from 1 children | total=540.64 kWh
2026-03-16 09:35:37 - thingsboard-forecast - INFO - Level 3 roll-up total: 4025.85 kWh across 7 parent assets
2026-03-16 09:35:37 - thingsboard-forecast - INFO - Level 3 daily roll-up total: 4025.85 kWh
2026-03-16 09:35:37 - thingsboard-forecast - INFO - Rolled up 288 records for parent 2e68a010-e08b-11f0-b68f-8f33a9d74e0c from 1 children | total=225.15 kWh (interval telemetry write skipped for roll-up)
2026-03-16 09:35:37 - thingsboard-forecast - INFO - Writing 1 telemetry records to 2e68a010-e08b-11f0-b68f-8f33a9d74e0c in a single API call
2026-03-16 09:35:37 - thingsboard-forecast - INFO - Successfully wrote 1 records to 2e68a010-e08b-11f0-b68f-8f33a9d74e0c
2026-03-16 09:35:37 - thingsboard-forecast - INFO - Rolled up and wrote 1 daily records for parent 2e68a010-e08b-11f0-b68f-8f33a9d74e0c from 1 children | total=225.15 kWh
2026-03-16 09:35:37 - thingsboard-forecast - INFO - Rolled up 288 records for parent 542eab00-e559-11f0-b68f-8f33a9d74e0c from 1 children | total=1117.61 kWh (interval telemetry write skipped for roll-up)
2026-03-16 09:35:37 - thingsboard-forecast - INFO - Writing 1 telemetry records to 542eab00-e559-11f0-b68f-8f33a9d74e0c in a single API call
2026-03-16 09:35:37 - thingsboard-forecast - INFO - Successfully wrote 1 records to 542eab00-e559-11f0-b68f-8f33a9d74e0c
2026-03-16 09:35:37 - thingsboard-forecast - INFO - Rolled up and wrote 1 daily records for parent 542eab00-e559-11f0-b68f-8f33a9d74e0c from 1 children | total=1117.61 kWh
2026-03-16 09:35:37 - thingsboard-forecast - INFO - Rolled up 288 records for parent 5bc1d660-e55b-11f0-b68f-8f33a9d74e0c from 1 children | total=561.46 kWh (interval telemetry write skipped for roll-up)
2026-03-16 09:35:37 - thingsboard-forecast - INFO - Writing 1 telemetry records to 5bc1d660-e55b-11f0-b68f-8f33a9d74e0c in a single API call
2026-03-16 09:35:37 - thingsboard-forecast - INFO - Successfully wrote 1 records to 5bc1d660-e55b-11f0-b68f-8f33a9d74e0c
2026-03-16 09:35:37 - thingsboard-forecast - INFO - Rolled up and wrote 1 daily records for parent 5bc1d660-e55b-11f0-b68f-8f33a9d74e0c from 1 children | total=561.46 kWh
2026-03-16 09:35:37 - thingsboard-forecast - INFO - Rolled up 288 records for parent 922edf70-e55d-11f0-b68f-8f33a9d74e0c from 1 children | total=750.25 kWh (interval telemetry write skipped for roll-up)
2026-03-16 09:35:37 - thingsboard-forecast - INFO - Writing 1 telemetry records to 922edf70-e55d-11f0-b68f-8f33a9d74e0c in a single API call
2026-03-16 09:35:38 - thingsboard-forecast - INFO - Successfully wrote 1 records to 922edf70-e55d-11f0-b68f-8f33a9d74e0c
2026-03-16 09:35:38 - thingsboard-forecast - INFO - Rolled up and wrote 1 daily records for parent 922edf70-e55d-11f0-b68f-8f33a9d74e0c from 1 children | total=750.25 kWh
2026-03-16 09:35:38 - thingsboard-forecast - INFO - Rolled up 288 records for parent f3b48730-e559-11f0-b68f-8f33a9d74e0c from 1 children | total=472.21 kWh (interval telemetry write skipped for roll-up)
2026-03-16 09:35:38 - thingsboard-forecast - INFO - Writing 1 telemetry records to f3b48730-e559-11f0-b68f-8f33a9d74e0c in a single API call
2026-03-16 09:35:38 - thingsboard-forecast - INFO - Successfully wrote 1 records to f3b48730-e559-11f0-b68f-8f33a9d74e0c
2026-03-16 09:35:38 - thingsboard-forecast - INFO - Rolled up and wrote 1 daily records for parent f3b48730-e559-11f0-b68f-8f33a9d74e0c from 1 children | total=472.21 kWh
2026-03-16 09:35:38 - thingsboard-forecast - INFO - Rolled up 288 records for parent e3722a60-e55b-11f0-b68f-8f33a9d74e0c from 1 children | total=358.53 kWh (interval telemetry write skipped for roll-up)
2026-03-16 09:35:38 - thingsboard-forecast - INFO - Writing 1 telemetry records to e3722a60-e55b-11f0-b68f-8f33a9d74e0c in a single API call
2026-03-16 09:35:38 - thingsboard-forecast - INFO - Successfully wrote 1 records to e3722a60-e55b-11f0-b68f-8f33a9d74e0c
2026-03-16 09:35:38 - thingsboard-forecast - INFO - Rolled up and wrote 1 daily records for parent e3722a60-e55b-11f0-b68f-8f33a9d74e0c from 1 children | total=358.53 kWh
2026-03-16 09:35:38 - thingsboard-forecast - INFO - Rolled up 288 records for parent 3bbe5780-e55b-11f0-b68f-8f33a9d74e0c from 1 children | total=540.64 kWh (interval telemetry write skipped for roll-up)
2026-03-16 09:35:38 - thingsboard-forecast - INFO - Writing 1 telemetry records to 3bbe5780-e55b-11f0-b68f-8f33a9d74e0c in a single API call
2026-03-16 09:35:38 - thingsboard-forecast - INFO - Successfully wrote 1 records to 3bbe5780-e55b-11f0-b68f-8f33a9d74e0c
2026-03-16 09:35:38 - thingsboard-forecast - INFO - Rolled up and wrote 1 daily records for parent 3bbe5780-e55b-11f0-b68f-8f33a9d74e0c from 1 children | total=540.64 kWh
2026-03-16 09:35:38 - thingsboard-forecast - INFO - Level 2 roll-up total: 4025.85 kWh across 7 parent assets
2026-03-16 09:35:38 - thingsboard-forecast - INFO - Level 2 daily roll-up total: 4025.85 kWh
2026-03-16 09:35:38 - thingsboard-forecast - INFO - Rolled up 288 records for parent 78fda490-e08b-11f0-b68f-8f33a9d74e0c from 7 children | total=4025.85 kWh (interval telemetry write skipped for roll-up)
2026-03-16 09:35:38 - thingsboard-forecast - INFO - Writing 1 telemetry records to 78fda490-e08b-11f0-b68f-8f33a9d74e0c in a single API call
2026-03-16 09:35:39 - thingsboard-forecast - INFO - Successfully wrote 1 records to 78fda490-e08b-11f0-b68f-8f33a9d74e0c
2026-03-16 09:35:39 - thingsboard-forecast - INFO - Rolled up and wrote 1 daily records for parent 78fda490-e08b-11f0-b68f-8f33a9d74e0c from 7 children | total=4025.85 kWh
2026-03-16 09:35:39 - thingsboard-forecast - INFO - Level 1 roll-up total: 4025.85 kWh across 1 parent assets
2026-03-16 09:35:39 - thingsboard-forecast - INFO - Level 1 daily roll-up total: 4025.85 kWh
2026-03-16 09:35:39 - thingsboard-forecast - INFO - Forecast job 6336dfeb-e1d0-4f55-9838-e19eb3b93345 completed: 7 successful, 1 failed, 0 skipped
2026-03-16 09:35:39 - thingsboard-forecast - INFO - Job 6336dfeb-e1d0-4f55-9838-e19eb3b93345 status updated to completed
2026-03-16 10:36:49 - thingsboard-forecast - INFO - ============================================================
2026-03-16 10:36:49 - thingsboard-forecast - INFO - Starting thingsboard-power-forecast-api v1.0.0
2026-03-16 10:36:49 - thingsboard-forecast - INFO - ============================================================
2026-03-16 10:36:49 - thingsboard-forecast - INFO - Configuration validated successfully
2026-03-16 10:36:49 - thingsboard-forecast - INFO - ThingsBoard Host: https://windforce.thingsnode.cc
2026-03-16 10:36:49 - thingsboard-forecast - INFO - Default Target Level: 4
2026-03-16 10:36:49 - thingsboard-forecast - INFO - Timezone: Asia/Colombo
2026-03-16 10:36:49 - thingsboard-forecast - INFO - API is ready to accept requests
2026-03-16 10:36:49 - thingsboard-forecast - INFO - ============================================================
2026-03-16 10:38:14 - thingsboard-forecast - INFO - ============================================================
2026-03-16 10:38:14 - thingsboard-forecast - INFO - Shutting down API service
2026-03-16 10:38:14 - thingsboard-forecast - INFO - ============================================================
2026-03-16 10:38:17 - thingsboard-forecast - INFO - ============================================================
2026-03-16 10:38:17 - thingsboard-forecast - INFO - Starting thingsboard-power-forecast-api v1.0.0
2026-03-16 10:38:17 - thingsboard-forecast - INFO - ============================================================
2026-03-16 10:38:17 - thingsboard-forecast - INFO - Configuration validated successfully
2026-03-16 10:38:17 - thingsboard-forecast - INFO - ThingsBoard Host: https://windforce.thingsnode.cc
2026-03-16 10:38:17 - thingsboard-forecast - INFO - Default Target Level: 4
2026-03-16 10:38:17 - thingsboard-forecast - INFO - Timezone: Asia/Colombo
2026-03-16 10:38:17 - thingsboard-forecast - INFO - API is ready to accept requests
2026-03-16 10:38:17 - thingsboard-forecast - INFO - ============================================================
2026-03-16 10:38:32 - thingsboard-forecast - INFO - ============================================================
2026-03-16 10:38:32 - thingsboard-forecast - INFO - Shutting down API service
2026-03-16 10:38:32 - thingsboard-forecast - INFO - ============================================================
2026-03-16 10:38:34 - thingsboard-forecast - INFO - ============================================================
2026-03-16 10:38:34 - thingsboard-forecast - INFO - Starting thingsboard-power-forecast-api v1.0.0
2026-03-16 10:38:34 - thingsboard-forecast - INFO - ============================================================
2026-03-16 10:38:34 - thingsboard-forecast - INFO - Configuration validated successfully
2026-03-16 10:38:34 - thingsboard-forecast - INFO - ThingsBoard Host: https://windforce.thingsnode.cc
2026-03-16 10:38:34 - thingsboard-forecast - INFO - Default Target Level: 4
2026-03-16 10:38:34 - thingsboard-forecast - INFO - Timezone: Asia/Colombo
2026-03-16 10:38:34 - thingsboard-forecast - INFO - API is ready to accept requests
2026-03-16 10:38:34 - thingsboard-forecast - INFO - ============================================================
2026-03-16 10:48:31 - thingsboard-forecast - INFO - ============================================================
2026-03-16 10:48:31 - thingsboard-forecast - INFO - Shutting down API service
2026-03-16 10:48:31 - thingsboard-forecast - INFO - ============================================================
2026-03-16 10:48:34 - thingsboard-forecast - INFO - ============================================================
2026-03-16 10:48:34 - thingsboard-forecast - INFO - Starting thingsboard-power-forecast-api v1.0.0
2026-03-16 10:48:34 - thingsboard-forecast - INFO - ============================================================
2026-03-16 10:48:34 - thingsboard-forecast - INFO - Configuration validated successfully
2026-03-16 10:48:34 - thingsboard-forecast - INFO - ThingsBoard Host: https://windforce.thingsnode.cc
2026-03-16 10:48:34 - thingsboard-forecast - INFO - Default Target Level: 4
2026-03-16 10:48:34 - thingsboard-forecast - INFO - Timezone: Asia/Colombo
2026-03-16 10:48:34 - thingsboard-forecast - INFO - API is ready to accept requests
2026-03-16 10:48:34 - thingsboard-forecast - INFO - ============================================================
2026-03-16 10:49:06 - thingsboard-forecast - INFO - ============================================================
2026-03-16 10:49:06 - thingsboard-forecast - INFO - Shutting down API service
2026-03-16 10:49:06 - thingsboard-forecast - INFO - ============================================================
2026-03-16 10:49:08 - thingsboard-forecast - INFO - ============================================================
2026-03-16 10:49:08 - thingsboard-forecast - INFO - Starting thingsboard-power-forecast-api v1.0.0
2026-03-16 10:49:08 - thingsboard-forecast - INFO - ============================================================
2026-03-16 10:49:08 - thingsboard-forecast - INFO - Configuration validated successfully
2026-03-16 10:49:08 - thingsboard-forecast - INFO - ThingsBoard Host: https://windforce.thingsnode.cc
2026-03-16 10:49:08 - thingsboard-forecast - INFO - Default Target Level: 4
2026-03-16 10:49:08 - thingsboard-forecast - INFO - Timezone: Asia/Colombo
2026-03-16 10:49:08 - thingsboard-forecast - INFO - API is ready to accept requests
2026-03-16 10:49:08 - thingsboard-forecast - INFO - ============================================================
2026-03-16 10:49:35 - thingsboard-forecast - INFO - Received single-date forecast request for asset: 78fda490-e08b-11f0-b68f-8f33a9d74e0c | 2026-03-13 | already_have=True
2026-03-16 10:49:35 - thingsboard-forecast - INFO - Authenticating with ThingsBoard...
2026-03-16 10:49:36 - thingsboard-forecast - INFO - Successfully authenticated with ThingsBoard
2026-03-16 10:49:36 - thingsboard-forecast - INFO - Created job b41dbbc0-c87f-4565-8720-abe4a07c97c4 for asset 78fda490-e08b-11f0-b68f-8f33a9d74e0c
2026-03-16 10:49:36 - thingsboard-forecast - INFO - Single-date forecast job b41dbbc0-c87f-4565-8720-abe4a07c97c4 started in background
2026-03-16 10:49:36 - thingsboard-forecast - INFO - Starting forecast job b41dbbc0-c87f-4565-8720-abe4a07c97c4 for main asset 78fda490-e08b-11f0-b68f-8f33a9d74e0c | already_have=True | start=2026-03-13T00:00:00+05:30 end=2026-03-13T23:59:59+05:30
2026-03-16 10:49:36 - thingsboard-forecast - INFO - Job b41dbbc0-c87f-4565-8720-abe4a07c97c4 status updated to running
2026-03-16 10:49:37 - thingsboard-forecast - INFO - Retrieving hierarchy from 78fda490-e08b-11f0-b68f-8f33a9d74e0c
2026-03-16 10:49:37 - thingsboard-forecast - INFO - Building hierarchy from root 78fda490-e08b-11f0-b68f-8f33a9d74e0c up to depth 4
2026-03-16 10:49:37 - thingsboard-forecast - INFO - Authenticating with ThingsBoard...
2026-03-16 10:49:37 - thingsboard-forecast - INFO - Successfully authenticated with ThingsBoard
2026-03-16 10:49:38 - thingsboard-forecast - INFO - Hierarchy level 2: found 7 assets
2026-03-16 10:49:39 - thingsboard-forecast - INFO - Hierarchy level 3: found 12 assets
2026-03-16 10:49:42 - thingsboard-forecast - INFO - Hierarchy level 4: found 8 assets
2026-03-16 10:49:42 - thingsboard-forecast - INFO - Hierarchy ready with 4 levels. Processing 8 assets at deepest level
2026-03-16 10:49:42 - thingsboard-forecast - INFO - Processing deepest asset 1/8: 973a7ea0-f06d-11f0-af3b-45cf7f181cac
2026-03-16 10:49:42 - thingsboard-forecast - INFO - Processing asset 973a7ea0-f06d-11f0-af3b-45cf7f181cac
2026-03-16 10:49:42 - thingsboard-forecast - INFO - Retrieved 24 attributes for 973a7ea0-f06d-11f0-af3b-45cf7f181cac
2026-03-16 10:49:43 - thingsboard-forecast - WARNING - No telemetry data in range for asset 973a7ea0-f06d-11f0-af3b-45cf7f181cac
2026-03-16 10:49:43 - thingsboard-forecast - WARNING - Asset 973a7ea0-f06d-11f0-af3b-45cf7f181cac lacks historical data in requested range; continuing with forecast-only generation
2026-03-16 10:49:43 - thingsboard-forecast - INFO - Running power prediction for 973a7ea0-f06d-11f0-af3b-45cf7f181cac
2026-03-16 10:49:46 - thingsboard-forecast - INFO - Restamped data by -1 days +00:00:00 to align with requested date 2026-03-13
2026-03-16 10:49:46 - thingsboard-forecast - INFO - Restamped data by -1 days +00:00:00 to align with requested date 2026-03-13
2026-03-16 10:49:46 - thingsboard-forecast - INFO - Prediction completed for 973a7ea0-f06d-11f0-af3b-45cf7f181cac: 366.43 kWh total
2026-03-16 10:49:46 - thingsboard-forecast - INFO - Writing telemetry for 973a7ea0-f06d-11f0-af3b-45cf7f181cac
2026-03-16 10:49:46 - thingsboard-forecast - INFO - Writing 156 telemetry records to 973a7ea0-f06d-11f0-af3b-45cf7f181cac in a single API call
2026-03-16 10:49:46 - thingsboard-forecast - INFO - Successfully wrote 156 records to 973a7ea0-f06d-11f0-af3b-45cf7f181cac
2026-03-16 10:49:46 - thingsboard-forecast - INFO - Successfully wrote 156 telemetry records for 973a7ea0-f06d-11f0-af3b-45cf7f181cac
2026-03-16 10:49:46 - thingsboard-forecast - INFO - Writing 1 telemetry records to 973a7ea0-f06d-11f0-af3b-45cf7f181cac in a single API call
2026-03-16 10:49:46 - thingsboard-forecast - INFO - Successfully wrote 1 records to 973a7ea0-f06d-11f0-af3b-45cf7f181cac
2026-03-16 10:49:46 - thingsboard-forecast - INFO - Successfully wrote 1 daily energy records for 973a7ea0-f06d-11f0-af3b-45cf7f181cac
2026-03-16 10:49:46 - thingsboard-forecast - INFO - Processing deepest asset 2/8: 10425f40-08a4-11f1-8bdd-cfe25c37864b
2026-03-16 10:49:46 - thingsboard-forecast - INFO - Processing asset 10425f40-08a4-11f1-8bdd-cfe25c37864b
2026-03-16 10:49:46 - thingsboard-forecast - INFO - Retrieved 24 attributes for 10425f40-08a4-11f1-8bdd-cfe25c37864b
2026-03-16 10:49:47 - thingsboard-forecast - INFO - Running power prediction for 10425f40-08a4-11f1-8bdd-cfe25c37864b
2026-03-16 10:49:47 - thingsboard-forecast - ERROR - Power prediction failed for 10425f40-08a4-11f1-8bdd-cfe25c37864b: int() argument must be a string, a bytes-like object or a real number, not 'NoneType'
2026-03-16 10:49:47 - thingsboard-forecast - WARNING - Job b41dbbc0-c87f-4565-8720-abe4a07c97c4 - Asset 10425f40-08a4-11f1-8bdd-cfe25c37864b error: forecast_calculation_error: int() argument must be a string, a bytes-like object or a real number, not 'NoneType'
2026-03-16 10:49:47 - thingsboard-forecast - INFO - Processing deepest asset 3/8: 87657cb0-08a4-11f1-8bdd-cfe25c37864b
2026-03-16 10:49:47 - thingsboard-forecast - INFO - Processing asset 87657cb0-08a4-11f1-8bdd-cfe25c37864b
2026-03-16 10:49:47 - thingsboard-forecast - INFO - Retrieved 24 attributes for 87657cb0-08a4-11f1-8bdd-cfe25c37864b
2026-03-16 10:49:48 - thingsboard-forecast - INFO - Running power prediction for 87657cb0-08a4-11f1-8bdd-cfe25c37864b
2026-03-16 10:49:49 - thingsboard-forecast - INFO - Restamped data by -1 days +00:00:00 to align with requested date 2026-03-13
2026-03-16 10:49:49 - thingsboard-forecast - INFO - Restamped data by -1 days +00:00:00 to align with requested date 2026-03-13
2026-03-16 10:49:49 - thingsboard-forecast - INFO - Prediction completed for 87657cb0-08a4-11f1-8bdd-cfe25c37864b: 2002.81 kWh total
2026-03-16 10:49:49 - thingsboard-forecast - INFO - Writing telemetry for 87657cb0-08a4-11f1-8bdd-cfe25c37864b
2026-03-16 10:49:49 - thingsboard-forecast - INFO - Writing 156 telemetry records to 87657cb0-08a4-11f1-8bdd-cfe25c37864b in a single API call
2026-03-16 10:49:49 - thingsboard-forecast - INFO - Successfully wrote 156 records to 87657cb0-08a4-11f1-8bdd-cfe25c37864b
2026-03-16 10:49:49 - thingsboard-forecast - INFO - Successfully wrote 156 telemetry records for 87657cb0-08a4-11f1-8bdd-cfe25c37864b
2026-03-16 10:49:49 - thingsboard-forecast - INFO - Writing 1 telemetry records to 87657cb0-08a4-11f1-8bdd-cfe25c37864b in a single API call
2026-03-16 10:49:50 - thingsboard-forecast - INFO - Successfully wrote 1 records to 87657cb0-08a4-11f1-8bdd-cfe25c37864b
2026-03-16 10:49:50 - thingsboard-forecast - INFO - Successfully wrote 1 daily energy records for 87657cb0-08a4-11f1-8bdd-cfe25c37864b
2026-03-16 10:49:50 - thingsboard-forecast - INFO - Processing deepest asset 4/8: 35fa65d0-08a3-11f1-8bdd-cfe25c37864b
2026-03-16 10:49:50 - thingsboard-forecast - INFO - Processing asset 35fa65d0-08a3-11f1-8bdd-cfe25c37864b
2026-03-16 10:49:50 - thingsboard-forecast - INFO - Retrieved 24 attributes for 35fa65d0-08a3-11f1-8bdd-cfe25c37864b
2026-03-16 10:49:50 - thingsboard-forecast - INFO - Running power prediction for 35fa65d0-08a3-11f1-8bdd-cfe25c37864b
2026-03-16 10:49:52 - thingsboard-forecast - INFO - Restamped data by -1 days +00:00:00 to align with requested date 2026-03-13
2026-03-16 10:49:52 - thingsboard-forecast - INFO - Restamped data by -1 days +00:00:00 to align with requested date 2026-03-13
2026-03-16 10:49:52 - thingsboard-forecast - INFO - Prediction completed for 35fa65d0-08a3-11f1-8bdd-cfe25c37864b: 1144.82 kWh total
2026-03-16 10:49:52 - thingsboard-forecast - INFO - Writing telemetry for 35fa65d0-08a3-11f1-8bdd-cfe25c37864b
2026-03-16 10:49:52 - thingsboard-forecast - INFO - Writing 156 telemetry records to 35fa65d0-08a3-11f1-8bdd-cfe25c37864b in a single API call
2026-03-16 10:49:52 - thingsboard-forecast - INFO - Successfully wrote 156 records to 35fa65d0-08a3-11f1-8bdd-cfe25c37864b
2026-03-16 10:49:52 - thingsboard-forecast - INFO - Successfully wrote 156 telemetry records for 35fa65d0-08a3-11f1-8bdd-cfe25c37864b
2026-03-16 10:49:52 - thingsboard-forecast - INFO - Writing 1 telemetry records to 35fa65d0-08a3-11f1-8bdd-cfe25c37864b in a single API call
2026-03-16 10:49:52 - thingsboard-forecast - INFO - Successfully wrote 1 records to 35fa65d0-08a3-11f1-8bdd-cfe25c37864b
2026-03-16 10:49:52 - thingsboard-forecast - INFO - Successfully wrote 1 daily energy records for 35fa65d0-08a3-11f1-8bdd-cfe25c37864b
2026-03-16 10:49:52 - thingsboard-forecast - INFO - Processing deepest asset 5/8: c85151a0-08a3-11f1-8bdd-cfe25c37864b
2026-03-16 10:49:52 - thingsboard-forecast - INFO - Processing asset c85151a0-08a3-11f1-8bdd-cfe25c37864b
2026-03-16 10:49:53 - thingsboard-forecast - INFO - Retrieved 24 attributes for c85151a0-08a3-11f1-8bdd-cfe25c37864b
2026-03-16 10:49:53 - thingsboard-forecast - INFO - Running power prediction for c85151a0-08a3-11f1-8bdd-cfe25c37864b
2026-03-16 10:49:55 - thingsboard-forecast - INFO - Restamped data by -1 days +00:00:00 to align with requested date 2026-03-13
2026-03-16 10:49:55 - thingsboard-forecast - INFO - Restamped data by -1 days +00:00:00 to align with requested date 2026-03-13
2026-03-16 10:49:55 - thingsboard-forecast - INFO - Prediction completed for c85151a0-08a3-11f1-8bdd-cfe25c37864b: 1419.08 kWh total
2026-03-16 10:49:55 - thingsboard-forecast - INFO - Writing telemetry for c85151a0-08a3-11f1-8bdd-cfe25c37864b
2026-03-16 10:49:55 - thingsboard-forecast - INFO - Writing 156 telemetry records to c85151a0-08a3-11f1-8bdd-cfe25c37864b in a single API call
2026-03-16 10:49:55 - thingsboard-forecast - INFO - Successfully wrote 156 records to c85151a0-08a3-11f1-8bdd-cfe25c37864b
2026-03-16 10:49:55 - thingsboard-forecast - INFO - Successfully wrote 156 telemetry records for c85151a0-08a3-11f1-8bdd-cfe25c37864b
2026-03-16 10:49:55 - thingsboard-forecast - INFO - Writing 1 telemetry records to c85151a0-08a3-11f1-8bdd-cfe25c37864b in a single API call
2026-03-16 10:49:55 - thingsboard-forecast - INFO - Successfully wrote 1 records to c85151a0-08a3-11f1-8bdd-cfe25c37864b
2026-03-16 10:49:55 - thingsboard-forecast - INFO - Successfully wrote 1 daily energy records for c85151a0-08a3-11f1-8bdd-cfe25c37864b
2026-03-16 10:49:55 - thingsboard-forecast - INFO - Processing deepest asset 6/8: 8ea89070-089f-11f1-8bdd-cfe25c37864b
2026-03-16 10:49:55 - thingsboard-forecast - INFO - Processing asset 8ea89070-089f-11f1-8bdd-cfe25c37864b
2026-03-16 10:49:55 - thingsboard-forecast - INFO - Retrieved 24 attributes for 8ea89070-089f-11f1-8bdd-cfe25c37864b
2026-03-16 10:49:56 - thingsboard-forecast - INFO - Running power prediction for 8ea89070-089f-11f1-8bdd-cfe25c37864b
2026-03-16 10:49:58 - thingsboard-forecast - INFO - Restamped data by -1 days +00:00:00 to align with requested date 2026-03-13
2026-03-16 10:49:58 - thingsboard-forecast - INFO - Restamped data by -1 days +00:00:00 to align with requested date 2026-03-13
2026-03-16 10:49:58 - thingsboard-forecast - INFO - Prediction completed for 8ea89070-089f-11f1-8bdd-cfe25c37864b: 933.33 kWh total
2026-03-16 10:49:58 - thingsboard-forecast - INFO - Writing telemetry for 8ea89070-089f-11f1-8bdd-cfe25c37864b
2026-03-16 10:49:58 - thingsboard-forecast - INFO - Writing 156 telemetry records to 8ea89070-089f-11f1-8bdd-cfe25c37864b in a single API call
2026-03-16 10:49:58 - thingsboard-forecast - INFO - Successfully wrote 156 records to 8ea89070-089f-11f1-8bdd-cfe25c37864b
2026-03-16 10:49:58 - thingsboard-forecast - INFO - Successfully wrote 156 telemetry records for 8ea89070-089f-11f1-8bdd-cfe25c37864b
2026-03-16 10:49:58 - thingsboard-forecast - INFO - Writing 1 telemetry records to 8ea89070-089f-11f1-8bdd-cfe25c37864b in a single API call
2026-03-16 10:49:59 - thingsboard-forecast - INFO - Successfully wrote 1 records to 8ea89070-089f-11f1-8bdd-cfe25c37864b
2026-03-16 10:49:59 - thingsboard-forecast - INFO - Successfully wrote 1 daily energy records for 8ea89070-089f-11f1-8bdd-cfe25c37864b
2026-03-16 10:49:59 - thingsboard-forecast - INFO - Processing deepest asset 7/8: 50ed6b00-16e3-11f1-8d01-cff7a27c53e8
2026-03-16 10:49:59 - thingsboard-forecast - INFO - Processing asset 50ed6b00-16e3-11f1-8d01-cff7a27c53e8
2026-03-16 10:49:59 - thingsboard-forecast - INFO - Retrieved 21 attributes for 50ed6b00-16e3-11f1-8d01-cff7a27c53e8
2026-03-16 10:49:59 - thingsboard-forecast - INFO - Running power prediction for 50ed6b00-16e3-11f1-8d01-cff7a27c53e8
2026-03-16 10:50:01 - thingsboard-forecast - INFO - Restamped data by -1 days +00:00:00 to align with requested date 2026-03-13
2026-03-16 10:50:01 - thingsboard-forecast - INFO - Restamped data by -1 days +00:00:00 to align with requested date 2026-03-13
2026-03-16 10:50:01 - thingsboard-forecast - INFO - Prediction completed for 50ed6b00-16e3-11f1-8d01-cff7a27c53e8: 720.75 kWh total
2026-03-16 10:50:01 - thingsboard-forecast - INFO - Writing telemetry for 50ed6b00-16e3-11f1-8d01-cff7a27c53e8
2026-03-16 10:50:01 - thingsboard-forecast - INFO - Writing 156 telemetry records to 50ed6b00-16e3-11f1-8d01-cff7a27c53e8 in a single API call
2026-03-16 10:50:01 - thingsboard-forecast - INFO - Successfully wrote 156 records to 50ed6b00-16e3-11f1-8d01-cff7a27c53e8
2026-03-16 10:50:01 - thingsboard-forecast - INFO - Successfully wrote 156 telemetry records for 50ed6b00-16e3-11f1-8d01-cff7a27c53e8
2026-03-16 10:50:01 - thingsboard-forecast - INFO - Writing 1 telemetry records to 50ed6b00-16e3-11f1-8d01-cff7a27c53e8 in a single API call
2026-03-16 10:50:02 - thingsboard-forecast - INFO - Successfully wrote 1 records to 50ed6b00-16e3-11f1-8d01-cff7a27c53e8
2026-03-16 10:50:02 - thingsboard-forecast - INFO - Successfully wrote 1 daily energy records for 50ed6b00-16e3-11f1-8d01-cff7a27c53e8
2026-03-16 10:50:02 - thingsboard-forecast - INFO - Processing deepest asset 8/8: 0c982af0-07ff-11f1-8bdd-cfe25c37864b
2026-03-16 10:50:02 - thingsboard-forecast - INFO - Processing asset 0c982af0-07ff-11f1-8bdd-cfe25c37864b
2026-03-16 10:50:02 - thingsboard-forecast - INFO - Retrieved 24 attributes for 0c982af0-07ff-11f1-8bdd-cfe25c37864b
2026-03-16 10:50:02 - thingsboard-forecast - INFO - Running power prediction for 0c982af0-07ff-11f1-8bdd-cfe25c37864b
2026-03-16 10:50:04 - thingsboard-forecast - INFO - Restamped data by -1 days +00:00:00 to align with requested date 2026-03-13
2026-03-16 10:50:04 - thingsboard-forecast - INFO - Restamped data by -1 days +00:00:00 to align with requested date 2026-03-13
2026-03-16 10:50:04 - thingsboard-forecast - INFO - Prediction completed for 0c982af0-07ff-11f1-8bdd-cfe25c37864b: 912.97 kWh total
2026-03-16 10:50:04 - thingsboard-forecast - INFO - Writing telemetry for 0c982af0-07ff-11f1-8bdd-cfe25c37864b
2026-03-16 10:50:04 - thingsboard-forecast - INFO - Writing 156 telemetry records to 0c982af0-07ff-11f1-8bdd-cfe25c37864b in a single API call
2026-03-16 10:50:04 - thingsboard-forecast - INFO - Successfully wrote 156 records to 0c982af0-07ff-11f1-8bdd-cfe25c37864b
2026-03-16 10:50:04 - thingsboard-forecast - INFO - Successfully wrote 156 telemetry records for 0c982af0-07ff-11f1-8bdd-cfe25c37864b
2026-03-16 10:50:04 - thingsboard-forecast - INFO - Writing 1 telemetry records to 0c982af0-07ff-11f1-8bdd-cfe25c37864b in a single API call
2026-03-16 10:50:05 - thingsboard-forecast - INFO - Successfully wrote 1 records to 0c982af0-07ff-11f1-8bdd-cfe25c37864b
2026-03-16 10:50:05 - thingsboard-forecast - INFO - Successfully wrote 1 daily energy records for 0c982af0-07ff-11f1-8bdd-cfe25c37864b
2026-03-16 10:50:05 - thingsboard-forecast - INFO - Level 4 total forecast: 1991.09 kWh across 7 assets
2026-03-16 10:50:05 - thingsboard-forecast - INFO - Level 4 total daily forecast: 1991.09 kWh across 7 assets
2026-03-16 10:50:05 - thingsboard-forecast - INFO - Rolled up 156 records for parent f1b84100-e564-11f0-b68f-8f33a9d74e0c from 1 children | total=61.74 kWh (interval telemetry write skipped for roll-up)
2026-03-16 10:50:05 - thingsboard-forecast - INFO - Writing 1 telemetry records to f1b84100-e564-11f0-b68f-8f33a9d74e0c in a single API call
2026-03-16 10:50:05 - thingsboard-forecast - INFO - Successfully wrote 1 records to f1b84100-e564-11f0-b68f-8f33a9d74e0c
2026-03-16 10:50:05 - thingsboard-forecast - INFO - Rolled up and wrote 1 daily records for parent f1b84100-e564-11f0-b68f-8f33a9d74e0c from 1 children | total=61.74 kWh
2026-03-16 10:50:05 - thingsboard-forecast - WARNING - No child telemetry available to roll up for parent 6bbf4050-e08a-11f0-b68f-8f33a9d74e0c
2026-03-16 10:50:05 - thingsboard-forecast - WARNING - No child daily telemetry available to roll up for parent 6bbf4050-e08a-11f0-b68f-8f33a9d74e0c
2026-03-16 10:50:05 - thingsboard-forecast - WARNING - No child telemetry available to roll up for parent c5437c70-e564-11f0-b68f-8f33a9d74e0c
2026-03-16 10:50:05 - thingsboard-forecast - WARNING - No child daily telemetry available to roll up for parent c5437c70-e564-11f0-b68f-8f33a9d74e0c
2026-03-16 10:50:05 - thingsboard-forecast - INFO - Rolled up 156 records for parent baa26d70-e565-11f0-b68f-8f33a9d74e0c from 1 children | total=468.40 kWh (interval telemetry write skipped for roll-up)
2026-03-16 10:50:05 - thingsboard-forecast - INFO - Writing 1 telemetry records to baa26d70-e565-11f0-b68f-8f33a9d74e0c in a single API call
2026-03-16 10:50:05 - thingsboard-forecast - INFO - Successfully wrote 1 records to baa26d70-e565-11f0-b68f-8f33a9d74e0c
2026-03-16 10:50:05 - thingsboard-forecast - INFO - Rolled up and wrote 1 daily records for parent baa26d70-e565-11f0-b68f-8f33a9d74e0c from 1 children | total=468.40 kWh
2026-03-16 10:50:05 - thingsboard-forecast - WARNING - No child telemetry available to roll up for parent e548daa0-e565-11f0-b68f-8f33a9d74e0c
2026-03-16 10:50:05 - thingsboard-forecast - WARNING - No child daily telemetry available to roll up for parent e548daa0-e565-11f0-b68f-8f33a9d74e0c
2026-03-16 10:50:05 - thingsboard-forecast - WARNING - No child telemetry available to roll up for parent d42a87a0-e565-11f0-b68f-8f33a9d74e0c
2026-03-16 10:50:05 - thingsboard-forecast - WARNING - No child daily telemetry available to roll up for parent d42a87a0-e565-11f0-b68f-8f33a9d74e0c
2026-03-16 10:50:05 - thingsboard-forecast - INFO - Rolled up 156 records for parent 585b86f0-08a7-11f1-8bdd-cfe25c37864b from 1 children | total=372.74 kWh (interval telemetry write skipped for roll-up)
2026-03-16 10:50:05 - thingsboard-forecast - INFO - Writing 1 telemetry records to 585b86f0-08a7-11f1-8bdd-cfe25c37864b in a single API call
2026-03-16 10:50:05 - thingsboard-forecast - INFO - Successfully wrote 1 records to 585b86f0-08a7-11f1-8bdd-cfe25c37864b
2026-03-16 10:50:05 - thingsboard-forecast - INFO - Rolled up and wrote 1 daily records for parent 585b86f0-08a7-11f1-8bdd-cfe25c37864b from 1 children | total=372.74 kWh
2026-03-16 10:50:05 - thingsboard-forecast - INFO - Rolled up 156 records for parent 064d18f0-e56c-11f0-b68f-8f33a9d74e0c from 1 children | total=390.48 kWh (interval telemetry write skipped for roll-up)
2026-03-16 10:50:05 - thingsboard-forecast - INFO - Writing 1 telemetry records to 064d18f0-e56c-11f0-b68f-8f33a9d74e0c in a single API call
2026-03-16 10:50:06 - thingsboard-forecast - INFO - Successfully wrote 1 records to 064d18f0-e56c-11f0-b68f-8f33a9d74e0c
2026-03-16 10:50:06 - thingsboard-forecast - INFO - Rolled up and wrote 1 daily records for parent 064d18f0-e56c-11f0-b68f-8f33a9d74e0c from 1 children | total=390.48 kWh
2026-03-16 10:50:06 - thingsboard-forecast - WARNING - No child telemetry available to roll up for parent 33420a00-e56c-11f0-b68f-8f33a9d74e0c
2026-03-16 10:50:06 - thingsboard-forecast - WARNING - No child daily telemetry available to roll up for parent 33420a00-e56c-11f0-b68f-8f33a9d74e0c
2026-03-16 10:50:06 - thingsboard-forecast - INFO - Rolled up 156 records for parent 011fb860-08a8-11f1-8bdd-cfe25c37864b from 1 children | total=306.69 kWh (interval telemetry write skipped for roll-up)
2026-03-16 10:50:06 - thingsboard-forecast - INFO - Writing 1 telemetry records to 011fb860-08a8-11f1-8bdd-cfe25c37864b in a single API call
2026-03-16 10:50:06 - thingsboard-forecast - INFO - Successfully wrote 1 records to 011fb860-08a8-11f1-8bdd-cfe25c37864b
2026-03-16 10:50:06 - thingsboard-forecast - INFO - Rolled up and wrote 1 daily records for parent 011fb860-08a8-11f1-8bdd-cfe25c37864b from 1 children | total=306.69 kWh
2026-03-16 10:50:06 - thingsboard-forecast - INFO - Rolled up 156 records for parent 209da440-16e5-11f1-8d01-cff7a27c53e8 from 1 children | total=216.80 kWh (interval telemetry write skipped for roll-up)
2026-03-16 10:50:06 - thingsboard-forecast - INFO - Writing 1 telemetry records to 209da440-16e5-11f1-8d01-cff7a27c53e8 in a single API call
2026-03-16 10:50:06 - thingsboard-forecast - INFO - Successfully wrote 1 records to 209da440-16e5-11f1-8d01-cff7a27c53e8
2026-03-16 10:50:06 - thingsboard-forecast - INFO - Rolled up and wrote 1 daily records for parent 209da440-16e5-11f1-8d01-cff7a27c53e8 from 1 children | total=216.80 kWh
2026-03-16 10:50:06 - thingsboard-forecast - INFO - Rolled up 156 records for parent 891165b0-08a9-11f1-8bdd-cfe25c37864b from 1 children | total=174.24 kWh (interval telemetry write skipped for roll-up)
2026-03-16 10:50:06 - thingsboard-forecast - INFO - Writing 1 telemetry records to 891165b0-08a9-11f1-8bdd-cfe25c37864b in a single API call
2026-03-16 10:50:06 - thingsboard-forecast - INFO - Successfully wrote 1 records to 891165b0-08a9-11f1-8bdd-cfe25c37864b
2026-03-16 10:50:06 - thingsboard-forecast - INFO - Rolled up and wrote 1 daily records for parent 891165b0-08a9-11f1-8bdd-cfe25c37864b from 1 children | total=174.24 kWh
2026-03-16 10:50:06 - thingsboard-forecast - INFO - Level 3 roll-up total: 1991.09 kWh across 7 parent assets
2026-03-16 10:50:06 - thingsboard-forecast - INFO - Level 3 daily roll-up total: 1991.09 kWh
2026-03-16 10:50:06 - thingsboard-forecast - INFO - Rolled up 156 records for parent 2e68a010-e08b-11f0-b68f-8f33a9d74e0c from 1 children | total=61.74 kWh (interval telemetry write skipped for roll-up)
2026-03-16 10:50:06 - thingsboard-forecast - INFO - Writing 1 telemetry records to 2e68a010-e08b-11f0-b68f-8f33a9d74e0c in a single API call
2026-03-16 10:50:07 - thingsboard-forecast - INFO - Successfully wrote 1 records to 2e68a010-e08b-11f0-b68f-8f33a9d74e0c
2026-03-16 10:50:07 - thingsboard-forecast - INFO - Rolled up and wrote 1 daily records for parent 2e68a010-e08b-11f0-b68f-8f33a9d74e0c from 1 children | total=61.74 kWh
2026-03-16 10:50:07 - thingsboard-forecast - INFO - Rolled up 156 records for parent 542eab00-e559-11f0-b68f-8f33a9d74e0c from 1 children | total=468.40 kWh (interval telemetry write skipped for roll-up)
2026-03-16 10:50:07 - thingsboard-forecast - INFO - Writing 1 telemetry records to 542eab00-e559-11f0-b68f-8f33a9d74e0c in a single API call
2026-03-16 10:50:07 - thingsboard-forecast - INFO - Successfully wrote 1 records to 542eab00-e559-11f0-b68f-8f33a9d74e0c
2026-03-16 10:50:07 - thingsboard-forecast - INFO - Rolled up and wrote 1 daily records for parent 542eab00-e559-11f0-b68f-8f33a9d74e0c from 1 children | total=468.40 kWh
2026-03-16 10:50:07 - thingsboard-forecast - INFO - Rolled up 156 records for parent 5bc1d660-e55b-11f0-b68f-8f33a9d74e0c from 1 children | total=372.74 kWh (interval telemetry write skipped for roll-up)
2026-03-16 10:50:07 - thingsboard-forecast - INFO - Writing 1 telemetry records to 5bc1d660-e55b-11f0-b68f-8f33a9d74e0c in a single API call
2026-03-16 10:50:07 - thingsboard-forecast - INFO - Successfully wrote 1 records to 5bc1d660-e55b-11f0-b68f-8f33a9d74e0c
2026-03-16 10:50:07 - thingsboard-forecast - INFO - Rolled up and wrote 1 daily records for parent 5bc1d660-e55b-11f0-b68f-8f33a9d74e0c from 1 children | total=372.74 kWh
2026-03-16 10:50:07 - thingsboard-forecast - INFO - Rolled up 156 records for parent 922edf70-e55d-11f0-b68f-8f33a9d74e0c from 1 children | total=390.48 kWh (interval telemetry write skipped for roll-up)
2026-03-16 10:50:07 - thingsboard-forecast - INFO - Writing 1 telemetry records to 922edf70-e55d-11f0-b68f-8f33a9d74e0c in a single API call
2026-03-16 10:50:07 - thingsboard-forecast - INFO - Successfully wrote 1 records to 922edf70-e55d-11f0-b68f-8f33a9d74e0c
2026-03-16 10:50:07 - thingsboard-forecast - INFO - Rolled up and wrote 1 daily records for parent 922edf70-e55d-11f0-b68f-8f33a9d74e0c from 1 children | total=390.48 kWh
2026-03-16 10:50:07 - thingsboard-forecast - INFO - Rolled up 156 records for parent f3b48730-e559-11f0-b68f-8f33a9d74e0c from 1 children | total=306.69 kWh (interval telemetry write skipped for roll-up)
2026-03-16 10:50:07 - thingsboard-forecast - INFO - Writing 1 telemetry records to f3b48730-e559-11f0-b68f-8f33a9d74e0c in a single API call
2026-03-16 10:50:08 - thingsboard-forecast - INFO - Successfully wrote 1 records to f3b48730-e559-11f0-b68f-8f33a9d74e0c
2026-03-16 10:50:08 - thingsboard-forecast - INFO - Rolled up and wrote 1 daily records for parent f3b48730-e559-11f0-b68f-8f33a9d74e0c from 1 children | total=306.69 kWh
2026-03-16 10:50:08 - thingsboard-forecast - INFO - Rolled up 156 records for parent e3722a60-e55b-11f0-b68f-8f33a9d74e0c from 1 children | total=216.80 kWh (interval telemetry write skipped for roll-up)
2026-03-16 10:50:08 - thingsboard-forecast - INFO - Writing 1 telemetry records to e3722a60-e55b-11f0-b68f-8f33a9d74e0c in a single API call
2026-03-16 10:50:08 - thingsboard-forecast - INFO - Successfully wrote 1 records to e3722a60-e55b-11f0-b68f-8f33a9d74e0c
2026-03-16 10:50:08 - thingsboard-forecast - INFO - Rolled up and wrote 1 daily records for parent e3722a60-e55b-11f0-b68f-8f33a9d74e0c from 1 children | total=216.80 kWh
2026-03-16 10:50:08 - thingsboard-forecast - INFO - Rolled up 156 records for parent 3bbe5780-e55b-11f0-b68f-8f33a9d74e0c from 1 children | total=174.24 kWh (interval telemetry write skipped for roll-up)
2026-03-16 10:50:08 - thingsboard-forecast - INFO - Writing 1 telemetry records to 3bbe5780-e55b-11f0-b68f-8f33a9d74e0c in a single API call
2026-03-16 10:50:08 - thingsboard-forecast - INFO - Successfully wrote 1 records to 3bbe5780-e55b-11f0-b68f-8f33a9d74e0c
2026-03-16 10:50:08 - thingsboard-forecast - INFO - Rolled up and wrote 1 daily records for parent 3bbe5780-e55b-11f0-b68f-8f33a9d74e0c from 1 children | total=174.24 kWh
2026-03-16 10:50:08 - thingsboard-forecast - INFO - Level 2 roll-up total: 1991.09 kWh across 7 parent assets
2026-03-16 10:50:08 - thingsboard-forecast - INFO - Level 2 daily roll-up total: 1991.09 kWh
2026-03-16 10:50:08 - thingsboard-forecast - INFO - Rolled up 156 records for parent 78fda490-e08b-11f0-b68f-8f33a9d74e0c from 7 children | total=1991.09 kWh (interval telemetry write skipped for roll-up)
2026-03-16 10:50:08 - thingsboard-forecast - INFO - Writing 1 telemetry records to 78fda490-e08b-11f0-b68f-8f33a9d74e0c in a single API call
2026-03-16 10:50:08 - thingsboard-forecast - INFO - Successfully wrote 1 records to 78fda490-e08b-11f0-b68f-8f33a9d74e0c
2026-03-16 10:50:08 - thingsboard-forecast - INFO - Rolled up and wrote 1 daily records for parent 78fda490-e08b-11f0-b68f-8f33a9d74e0c from 7 children | total=1991.09 kWh
2026-03-16 10:50:08 - thingsboard-forecast - INFO - Level 1 roll-up total: 1991.09 kWh across 1 parent assets
2026-03-16 10:50:08 - thingsboard-forecast - INFO - Level 1 daily roll-up total: 1991.09 kWh
2026-03-16 10:50:08 - thingsboard-forecast - INFO - Forecast job b41dbbc0-c87f-4565-8720-abe4a07c97c4 completed: 7 successful, 1 failed, 0 skipped
2026-03-16 10:50:08 - thingsboard-forecast - INFO - Job b41dbbc0-c87f-4565-8720-abe4a07c97c4 status updated to completed
